Testing Date Logic...
PASSED: Start 2023-01-15 -> 2023-04-30
PASSED: Start 2023-01-31 -> 2023-04-30
PASSED: Start 2023-02-01 -> 2023-05-31
PASSED: Start 2023-11-01 -> 2024-02-29
All tests passed!
